{
    "openapi": "3.0.0",
    "info": {
        "title": "auto generated spec",
        "version": "0.0.0"
    },
    "paths": {
        "\/user": {
            "post": {
                "summary": "\/user",
                "description": "\/user",
                "operationId": "\/user:POST",
                "security": [
                    {
                        "bearerAuth": []
                    }
                ],
                "responses": {
                    "200": {
                        "description": "",
                        "content": {
                            "application\/json": {
                                "schema": {
                                    "title": "/user_POST_response_200",
                                    "type": "object",
                                    "properties": {
                                        "name": {
                                            "type": "string",
                                            "example": "huga"
                                        }
                                    },
                                    "required": [
                                        "name"
                                    ]
                                }
                            }
                        }
                    }
                },
                "parameters": [
                    {
                        "in": "header",
                        "name": "Accept",
                        "schema": {
                            "type": "string"
                        },
                        "description": "application\/json"
                    }
                ],
                "requestBody": {
                    "content": {
                        "application\/json": {
                            "schema": {
                                "title": "/user_POST_request",
                                "type": "object",
                                "properties": {
                                    "name": {
                                        "type": "string",
                                        "example": "hoge"
                                    }
                                },
                                "required": [
                                    "name"
                                ]
                            }
                        }
                    }
                }
            }
        }
    },
    "components": {
        "securitySchemes": {
            "bearerAuth": {
                "type": "http",
                "scheme": "bearer",
                "bearerFormat": "JWT"
            }
        }
    }
}